// Jest Snapshot v1, https://goo.gl/fbAQLP

exports[`renders correctly 1`] = `
<View>
  <View
    style={
      Object {
        "alignItems": "center",
        "height": 60,
        "justifyContent": "center",
      }
    }
  >
    <Text
      style={
        Object {
          "fontSize": 16,
          "fontWeight": "600",
        }
      }
    >
      Form
    </Text>
  </View>
  <View>
    <View
      style={
        Object {
          "alignItems": "center",
          "flexDirection": "row",
          "height": 40,
          "margin": 10,
        }
      }
    >
      <Text
        style={
          Object {
            "color": "#000",
            "flex": 1,
            "fontSize": 16,
            "marginLeft": 10,
            "marginRight": 10,
          }
        }
      >
        Email
      </Text>
      <TextInput
        allowFontScaling={true}
        autoCorrect={false}
        maxLength={100}
        onChangeText={[Function]}
        placeholder="jan.kowalski@wp.pl"
        style={
          Object {
            "flex": 2.5,
            "fontSize": 16,
            "marginRight": 10,
            "paddingBottom": 0,
            "paddingTop": 0,
          }
        }
        underlineColorAndroid="transparent"
        value=""
      />
    </View>
    <Text
      style={
        Object {
          "alignSelf": "center",
          "color": "red",
        }
      }
    />
    <View
      style={
        Object {
          "alignItems": "center",
          "flexDirection": "row",
          "height": 40,
          "margin": 10,
        }
      }
    >
      <Text
        style={
          Object {
            "color": "#000",
            "flex": 1,
            "fontSize": 16,
            "marginLeft": 10,
            "marginRight": 10,
          }
        }
      >
        ImiÄ™
      </Text>
      <TextInput
        allowFontScaling={true}
        autoCorrect={false}
        maxLength={20}
        onChangeText={[Function]}
        placeholder="Jan"
        style={
          Object {
            "flex": 2.5,
            "fontSize": 16,
            "marginRight": 10,
            "paddingBottom": 0,
            "paddingTop": 0,
          }
        }
        underlineColorAndroid="transparent"
        value=""
      />
    </View>
    <Text
      style={
        Object {
          "alignSelf": "center",
          "color": "red",
        }
      }
    />
    <View
      style={
        Object {
          "alignItems": "center",
          "flexDirection": "row",
          "height": 40,
          "margin": 10,
        }
      }
    >
      <Text
        style={
          Object {
            "color": "#000",
            "flex": 1,
            "fontSize": 16,
            "marginLeft": 10,
            "marginRight": 10,
          }
        }
      >
        Kod pocztowy
      </Text>
      <TextInput
        allowFontScaling={true}
        autoCorrect={false}
        maxLength={6}
        onChangeText={[Function]}
        placeholder="12-345"
        style={
          Object {
            "flex": 2.5,
            "fontSize": 16,
            "marginRight": 10,
            "paddingBottom": 0,
            "paddingTop": 0,
          }
        }
        underlineColorAndroid="transparent"
        value=""
      />
    </View>
    <Text
      style={
        Object {
          "alignSelf": "center",
          "color": "red",
        }
      }
    />
    <Text
      style={
        Object {
          "alignSelf": "center",
          "color": "red",
        }
      }
    />
    <View
      accessible={true}
      isTVSelectable={true}
      onResponderGrant={[Function]}
      onResponderMove={[Function]}
      onResponderRelease={[Function]}
      onResponderTerminate={[Function]}
      onResponderTerminationRequest={[Function]}
      onStartShouldSetResponder={[Function]}
      style={
        Object {
          "alignSelf": "center",
          "backgroundColor": "#33b5e5",
          "borderRadius": 5,
          "marginTop": 10,
          "opacity": 1,
          "padding": 10,
          "width": 100,
        }
      }
    >
      <Text
        style={
          Object {
            "alignSelf": "center",
            "color": "#fff",
            "fontSize": 16,
            "fontWeight": "600",
          }
        }
      >
        Submit
      </Text>
    </View>
  </View>
</View>
`;
