// Jest Snapshot v1, https://goo.gl/fbAQLP

exports[`renders correctly 1`] = `
<View
  style={
    Object {
      "alignItems": "center",
      "flexDirection": "row",
      "height": 40,
      "margin": 10,
    }
  }
>
  <Text
    style={
      Object {
        "color": "#000",
        "flex": 1,
        "fontSize": 16,
        "marginLeft": 10,
        "marginRight": 10,
      }
    }
  >
    test
  </Text>
  <TextInput
    allowFontScaling={true}
    autoCorrect={false}
    maxLength={1}
    onChangeText={[Function]}
    placeholder="test"
    style={
      Object {
        "flex": 2.5,
        "fontSize": 16,
        "marginRight": 10,
        "paddingBottom": 0,
        "paddingTop": 0,
      }
    }
    underlineColorAndroid="transparent"
    value="test"
  />
</View>
`;
